[2026-04-27T11:30:20.350Z] Triggering fix for Ticket: LcWLSwFVhr6hJRQvdThc
[2026-04-27T11:30:20.487Z] FixId: reinstate_content, ResourceId: QJO23QgBc4OVSNqjD5Sp
[2026-04-27T11:30:20.487Z] Executing reinstate_content for QJO23QgBc4OVSNqjD5Sp
[2026-04-27T11:30:20.862Z] SUCCESS: Resource QJO23QgBc4OVSNqjD5Sp reinstated.
[2026-04-27T11:42:57.229Z] Triggering fix for Ticket: UlbqtosG29ZpknpBtpMD
[2026-04-27T11:42:57.665Z] FixId: reinstate_content, ResourceId: QJO23QgBc4OVSNqjD5Sp
[2026-04-27T11:42:57.665Z] Executing reinstate_content for QJO23QgBc4OVSNqjD5Sp
[2026-04-27T11:42:58.556Z] SUCCESS: Resource QJO23QgBc4OVSNqjD5Sp reinstated.
[2026-04-27T12:43:52.778Z] Triggering fix for Ticket: urNLBlPHfNofBLAOcm2i
[2026-04-27T12:43:52.912Z] FixId: reinstate_content, ResourceId: QJO23QgBc4OVSNqjD5Sp
[2026-04-27T12:43:52.912Z] Executing reinstate_content for QJO23QgBc4OVSNqjD5Sp
[2026-04-27T12:43:53.240Z] SUCCESS: Resource QJO23QgBc4OVSNqjD5Sp reinstated.
[2026-04-27T12:44:45.703Z] Triggering fix for Ticket: LvyqS4p5UC60pXjXQ2N7
[2026-04-27T12:44:45.929Z] FixId: reinstate_content, ResourceId: QJO23QgBc4OVSNqjD5Sp
[2026-04-27T12:44:45.929Z] Executing reinstate_content for QJO23QgBc4OVSNqjD5Sp
[2026-04-27T12:44:46.348Z] SUCCESS: Resource QJO23QgBc4OVSNqjD5Sp reinstated.
[2026-04-27T12:45:09.941Z] Triggering fix for Ticket: ei3chBDWjnDYBgQsCOcf
[2026-04-27T12:45:10.075Z] FixId: reinstate_content, ResourceId: QJO23QgBc4OVSNqjD5Sp
[2026-04-27T12:45:10.075Z] Executing reinstate_content for QJO23QgBc4OVSNqjD5Sp
[2026-04-27T12:45:10.574Z] SUCCESS: Resource QJO23QgBc4OVSNqjD5Sp reinstated.
[2026-04-27T12:45:28.549Z] Triggering fix for Ticket: LfkGdCByHYGS7znLzn6f
[2026-04-27T12:45:28.752Z] FixId: reinstate_content, ResourceId: QJO23QgBc4OVSNqjD5Sp
[2026-04-27T12:45:28.752Z] Executing reinstate_content for QJO23QgBc4OVSNqjD5Sp
[2026-04-27T12:45:29.074Z] SUCCESS: Resource QJO23QgBc4OVSNqjD5Sp reinstated.
[2026-04-27T12:45:46.306Z] Triggering fix for Ticket: bf5PbTgiUPxp0uOQoFts
[2026-04-27T12:45:46.452Z] FixId: reinstate_content, ResourceId: QJO23QgBc4OVSNqjD5Sp
[2026-04-27T12:45:46.452Z] Executing reinstate_content for QJO23QgBc4OVSNqjD5Sp
[2026-04-27T12:45:46.765Z] SUCCESS: Resource QJO23QgBc4OVSNqjD5Sp reinstated.
[2026-04-27T12:46:06.371Z] Triggering fix for Ticket: mZYbeD8QxTQbajouEMpU
[2026-04-27T12:46:06.512Z] FixId: reinstate_content, ResourceId: QJO23QgBc4OVSNqjD5Sp
[2026-04-27T12:46:06.513Z] Executing reinstate_content for QJO23QgBc4OVSNqjD5Sp
[2026-04-27T12:46:07.043Z] SUCCESS: Resource QJO23QgBc4OVSNqjD5Sp reinstated.
